Script started on 2026-09-08 13:23:16-03:00 [COMMAND="sh scripts/validacao_final.sh" <not executed on terminal>]
+ date
Tue Sep  8 13:23:16 -03 2026
+ whoami
luizv
+ pwd
/mnt/c/Users/luizv/Desktop/lhcv
+ uname -a
Linux Luizvieira 6.18.33.2-microsoft-standard-WSL2 #1 SMP PREEMPT_DYNAMIC Thu Jun 18 21:54:43 UTC 2026 x86_64 GNU/Linux
+ gcc --version
gcc (Ubuntu 15.2.0-16ubuntu1) 15.2.0
Copyright (C) 2025 Free Software Foundation, Inc.
This is free software; see the source for copying conditions.  There is NO
warranty; not even for MERCHANTABILITY or FITNESS FOR A PARTICULAR PURPOSE.

+ make --version
GNU Make 4.4.1
Built for x86_64-pc-linux-gnu
Copyright (C) 1988-2023 Free Software Foundation, Inc.
License GPLv3+: GNU GPL version 3 or later <https://gnu.org/licenses/gpl.html>
This is free software: you are free to change and redistribute it.
There is NO WARRANTY, to the extent permitted by law.
+ GIT_PAGER=cat git --no-pager log --reverse --date=iso --pretty=tformat:%h | %ad | %s -10
88e3ae5 | 2026-09-04 16:58:09 -0300 | Estrutura inicial
58f9380 | 2026-09-04 17:16:28 -0300 | Interface de linha de comando
e6008c4 | 2026-09-06 22:47:30 -0300 | Parser e modelo de dados
dc30218 | 2026-09-06 22:58:58 -0300 | Núcleo temporal básico
d56a107 | 2026-09-06 23:15:00 -0300 | Histórico e formato de saida
7063bb6 | 2026-09-06 23:41:40 -0300 | Tests
f3a9c95 | 2026-09-06 23:42:35 -0300 | Rate-monotonic
16b8611 | 2026-09-07 23:12:28 -0300 | Deadlines e killed
9df3ec1 | 2026-09-07 23:19:13 -0300 | Earliest-Deadline-First
6f0a934 | 2026-09-08 13:05:59 -0300 | Suíte completa de testes
+ gcc -Isrc -std=c11 -Wall -Wextra -Wpedantic src/main.c src/parser.c src/scheduler.c -o /tmp/tmp.OtJ1Q2XY8T/scheduler-sem-output
/usr/bin/x86_64-linux-gnu-ld.bfd: /tmp/cctKzrp3.o: in function `executar_escalonador':
scheduler.c:(.text+0x1068): undefined reference to `gravar_saida_simulacao'
collect2: error: ld returned 1 exit status
+ codigo_erro_ligacao=1
+ printf CODIGO_ERRO_LIGACAO=%d\n 1
CODIGO_ERRO_LIGACAO=1
+ test 1 -ne 0
+ set -e
+ make clean
rm -f scheduler scheduler.exe rate_lhcv.out edf_lhcv.out
+ make
gcc -Isrc -std=c11 -Wall -Wextra -Wpedantic src/main.c src/parser.c src/scheduler.c src/output.c -o scheduler
+ make test
sh tests/run_tests.sh
Testes do nucleo temporal passaram.
Todos os testes ate a etapa 10 passaram.
+ ./scheduler rate tests/cases/comparativo_rate_edf.txt
+ cat rate_lhcv.out
EXECUTION BY RATE
[T1] for 1 units - F
idle for 1 units
[T1] for 1 units - F
[T2] for 1 units - F
[T1] for 1 units - F
idle for 1 units
[T1] for 1 units - F
idle for 1 units
[T1] for 1 units - F
[T2] for 1 units - F
[T1] for 1 units - F
idle for 1 units

LOST DEADLINES
[T1] 0
[T2] 2

COMPLETE EXECUTION
[T1] 6
[T2] 2

KILLED
[T1] 0
[T2] 0
+ ./scheduler edf tests/cases/comparativo_rate_edf.txt
+ cat edf_lhcv.out
EXECUTION BY EDF
[T2] for 1 units - F
[T1] for 1 units - F
[T1] for 1 units - F
[T2] for 1 units - F
[T1] for 1 units - F
idle for 1 units
[T2] for 1 units - F
[T1] for 1 units - F
[T1] for 1 units - F
[T2] for 1 units - F
[T1] for 1 units - F
idle for 1 units

LOST DEADLINES
[T1] 0
[T2] 0

COMPLETE EXECUTION
[T1] 6
[T2] 4

KILLED
[T1] 0
[T2] 0
+ printf 10\nTAREFA 5 6 2\n
+ cd /tmp/tmp.OtJ1Q2XY8T
+ /mnt/c/Users/luizv/Desktop/lhcv/scheduler rate entrada-invalida.txt
Erro: a linha 2 viola D <= P.
+ codigo_entrada_invalida=1
+ printf CODIGO_ENTRADA_INVALIDA=%d\n 1
CODIGO_ENTRADA_INVALIDA=1
+ test 1 -ne 0
+ test ! -e rate_lhcv.out
+ test ! -e edf_lhcv.out
+ set +x

Script done on 2026-09-08 13:23:19-03:00 [COMMAND_EXIT_CODE="0"]
